Filesystem volume name:   <none>
Last mounted on:          /mnt/ext4_test
Filesystem UUID:          f170f350-0785-4b57-8e4d-026a19ab1339
Filesystem magic number:  0xEF53
Filesystem revision #:    1 (dynamic)
Filesystem features:      has_journal ext_attr resize_inode dir_index filetype needs_recovery extent flex_bg sparse_super large_file huge_file dir_nlink extra_isize
Filesystem flags:         signed_directory_hash 
Default mount options:    user_xattr acl
Filesystem state:         clean
Errors behavior:          Continue
Filesystem OS type:       Linux
Inode count:              65536
Block count:              65536
Reserved block count:     3276
Free blocks:              59348
Free inodes:              65525
First block:              0
Block size:               4096
Fragment size:            4096
Reserved GDT blocks:      15
Blocks per group:         32768
Fragments per group:      32768
Inodes per group:         32768
Inode blocks per group:   1024
Flex block group size:    16
Filesystem created:       Thu May 18 09:06:44 2017
Last mount time:          Thu May 18 09:06:44 2017
Last write time:          Thu May 18 09:06:44 2017
Mount count:              1
Maximum mount count:      -1
Last checked:             Thu May 18 09:06:44 2017
Check interval:           0 (<none>)
Lifetime writes:          24 MB
Reserved blocks uid:      0 (user root)
Reserved blocks gid:      0 (group root)
First inode:              11
Inode size:	          128
Journal inode:            8
Default directory hash:   half_md4
Directory Hash Seed:      fc212f6a-284f-4519-9aef-7e8ca595c4c6
Journal backup:           inode blocks
Journal features:         journal_incompat_revoke
Journal size:             16M
Journal length:           4096
Journal sequence:         0x000000ed
Journal start:            1650


Group 0: (Blocks 0-32767)
  Primary superblock at 0, Group descriptors at 1-1
  Reserved GDT blocks at 2-16
  Block bitmap at 17 (+17), Inode bitmap at 19 (+19)
  Inode table at 21-1044 (+21)
  23039 free blocks, 32709 free inodes, 3 directories
  Free blocks: 2075, 2491-4095, 4613-4820, 6132-6500, 7013-7167, 7183-7914, 8724-18643, 19161-20711, 24270-32767
  Free inodes: 50, 52-57, 59-60, 69-32768
Group 1: (Blocks 32768-65535)
  Backup superblock at 32768, Group descriptors at 32769-32769
  Reserved GDT blocks at 32770-32784
  Block bitmap at 18 (bg #0 + 18), Inode bitmap at 20 (bg #0 + 20)
  Inode table at 1045-2068 (bg #0 + 1045)
  12925 free blocks, 32768 free inodes, 0 directories
  Free blocks: 36881-36887, 36896-37119, 37304-37379, 37382-37887, 37893-38399, 39711-39935, 39941-40447, 40965-41471, 41989-42495, 44033-44543, 45061-45567, 46597-47103, 48133-48639, 49157-49663, 51205-51711, 52511-52735, 52741-53247, 54559-54783, 54789-55295, 55301-55807, 55813-56319, 56325-56831, 56837-57343, 57349-57855, 58665-58879, 59679-60415, 60933-61439, 61445-61951, 62352-62463, 62465-62975, 63775-63999
  Free inodes: 32769-65536
